\BOOKMARK [1][-]{section.1}{\376\377\137\025\212\000}{}% 1
\BOOKMARK [1][-]{section.2}{\376\377\176\337\116\000\176\246\147\137\210\150\217\360}{}% 2
\BOOKMARK [2][-]{subsection.2.1}{\376\377\117\123\122\233\137\142\137\017}{section.2}% 3
\BOOKMARK [2][-]{subsection.2.2}{\376\377\136\224\122\233\137\142\137\017}{section.2}% 4
\BOOKMARK [1][-]{section.3}{\376\377\154\102\211\343\145\271\154\325\116\016\173\227\154\325}{}% 5
\BOOKMARK [2][-]{subsection.3.1}{\376\377\155\170\154\241\217\271\165\114\154\325}{section.3}% 6
\BOOKMARK [2][-]{subsection.3.2}{\376\377\206\132\142\337\127\337\154\325\377\032\122\032\117\123\116\016\201\352\143\250\217\333\162\151\117\123}{section.3}% 7
\BOOKMARK [2][-]{subsection.3.3}{\376\377\220\037\136\246\137\072\217\353\000/\166\364\143\245\137\072\217\353\154\325}{section.3}% 8
\BOOKMARK [2][-]{subsection.3.4}{\376\377\133\214\121\150\226\220\137\017\145\271\154\325\116\016\136\003\147\027\217\320\122\250\152\041\142\337}{section.3}% 9
\BOOKMARK [1][-]{section.4}{\376\377\131\032\166\370\210\150\217\360}{}% 10
\BOOKMARK [2][-]{subsection.4.1}{\376\377\206\132\142\337\127\337\154\325\377\032\131\032\166\370\174\373\176\337}{section.4}% 11
\BOOKMARK [2][-]{subsection.4.2}{\376\377\220\037\136\246\137\072\217\353\154\325\377\032\131\032\166\370\174\373\176\337}{section.4}% 12
\BOOKMARK [2][-]{subsection.4.3}{\376\377\165\114\227\142\217\375\216\052\145\271\154\325}{section.4}% 13
\BOOKMARK [1][-]{section.5}{\376\377\121\166\116\326\225\356\230\230\116\016\145\071\217\333}{}% 14
\BOOKMARK [2][-]{subsection.5.1}{\376\377\232\330\133\306\136\246\153\324\155\101\122\250}{section.5}% 15
\BOOKMARK [2][-]{subsection.5.2}{\376\377\154\064\122\250\122\233\124\214\122\233\167\351\166\204\213\241\173\227}{section.5}% 16
\BOOKMARK [3][-]{subsubsection.5.2.1}{\376\377\136\163\156\321\166\204\121\300\154\064\122\250\122\233\116\016\121\300\154\064\122\250\122\233\167\351}{subsection.5.2}% 17
\BOOKMARK [3][-]{subsubsection.5.2.2}{\376\377\136\163\156\321\166\204\220\020\160\271\154\064\122\250\122\233\124\214\122\233\167\351}{subsection.5.2}% 18
\BOOKMARK [3][-]{subsubsection.5.2.3}{\376\377\136\163\156\321\166\204\220\020\160\271\176\246\147\137\122\233}{subsection.5.2}% 19
\BOOKMARK [2][-]{subsection.5.3}{\376\377\210\150\227\142\176\246\147\137\122\233\000\040\000L\000a\000m\000b\000d\000a\000s\000\040\166\204\134\026\225\020\133\236\163\260}{section.5}% 20
\BOOKMARK [2][-]{subsection.5.4}{\376\377\155\170\154\241\210\150\227\142\116\012\166\204\000\040\000N\000e\000u\000m\000a\000n\000n\000\040\116\016\000\040\000R\000o\000b\000i\000n\000\040\217\271\165\114\147\141\116\366}{section.5}% 21
\BOOKMARK [2][-]{subsection.5.5}{\376\377\040\034\154\304\157\017\040\035\225\356\230\230}{section.5}% 22
\BOOKMARK [2][-]{subsection.5.6}{\376\377\172\040\133\306\230\227\174\222\215\037\217\175\155\101}{section.5}% 23
\BOOKMARK [1][-]{section.6}{\376\377\147\052\147\145\143\021\142\030}{}% 24
