\BOOKMARK [0][-]{chapter.4}{\376\377\126\336\230\176\000E\000a\000r\000l\000l\000\040\000M\000u\000r\000m\000a\000n\133\371\215\350\130\360\220\037\155\101\122\250\124\214\213\241\173\227\155\101\117\123\122\250\122\233\133\146\166\204\215\041\163\056}{}% 1
\BOOKMARK [0][-]{chapter.5}{\376\377\147\000\117\163\232\330\215\205\227\363\220\037\225\045\177\374}{}% 2
\BOOKMARK [0][-]{chapter.6}{\376\377\164\006\213\272\060\001\136\224\165\050\124\214\145\131\200\262\155\101\117\123\122\250\122\233\133\146\166\204\121\340\117\125}{}% 3
\BOOKMARK [0][-]{chapter.7}{\376\377\217\164\133\371\171\360\125\267\173\241\155\101\122\250\166\204\213\241\173\227}{}% 4
\BOOKMARK [0][-]{chapter.8}{\376\377\215\205\200\132\161\046\130\360\162\006\225\356\230\230\166\204\122\006\147\220\124\214\145\160\120\074\152\041\142\337}{}% 5
\BOOKMARK [0][-]{chapter.9}{\376\377\215\350\130\360\220\037\155\101\122\250\166\204\131\015\147\102\122\006\147\220}{}% 6
\BOOKMARK [0][-]{chapter.10}{\376\377\215\350\130\360\220\037\134\017\152\052\124\021\142\160\122\250\145\271\172\013\123\312\121\166\213\241\173\227}{}% 7
\BOOKMARK [0][-]{chapter.11}{\376\377\217\271\165\114\134\102\155\101\122\250\116\055\176\335\133\371\116\015\172\063\133\232\142\160\122\250\166\204\157\300\123\321}{}% 8
\BOOKMARK [0][-]{chapter.12}{\376\377\127\050\213\357\135\356\122\006\147\220\166\204\117\064\226\217\145\271\172\013\124\214\000C\000F\000D\116\055\166\204\147\000\117\030\177\121\150\074\201\352\220\002\136\224\116\012}{}% 9
\BOOKMARK [0][-]{chapter.13}{\376\377\127\050\155\101\172\013\213\241\173\227\116\055\130\236\122\240\116\206\200\027\145\143}{}% 10
\BOOKMARK [0][-]{chapter.14}{\376\377\165\050\116\216\000E\000u\000l\000e\000r\000\040\145\271\172\013\166\204\126\333\217\320\173\227\126\150\133\210\140\122\150\074\137\017}{}% 11
\BOOKMARK [0][-]{chapter.15}{\376\377\136\046\147\011\122\006\117\123\124\214\224\311\154\325\121\160\211\137\177\374\166\204\201\352\122\250\226\073\143\041}{}% 12
\BOOKMARK [0][-]{chapter.16}{\376\377\134\100\220\350\230\204\131\004\164\006\377\032\144\315\176\265\131\047\201\352\161\066\153\315\116\262\141\032\137\004\162\066\116\262\166\204\145\366\225\364}{}% 13
\BOOKMARK [0][-]{chapter.17}{\376\377\145\076\147\176\221\315\156\051\040\023\221\315\145\260\133\241\211\306\172\063\133\232\155\101\122\250\166\204\131\032\177\121\150\074}{}% 14
\BOOKMARK [0][-]{chapter.18}{\376\377\136\166\210\114\213\241\173\227\147\072\116\012\166\204\202\052\172\172\202\052\131\051\135\345\172\013\152\041\142\337}{}% 15
\BOOKMARK [0][-]{chapter.19}{\376\377\117\030\123\026\000C\000F\000D\116\343\170\001\124\214\173\227\154\325\377\014\116\345\117\277\127\050\000C\000r\000a\000y\213\241\173\227\147\072\116\012\117\177\165\050}{}% 16
\BOOKMARK [0][-]{chapter.20}{\376\377\117\177\165\050\000N\000s\000m\000b\176\323\147\204\123\026\131\032\127\127\154\102\211\343\126\150\127\050\172\172\154\024\122\250\122\233\133\146\116\055\166\204\147\000\145\260\136\224\165\050}{}% 17
\BOOKMARK [0][-]{chapter.21}{\376\377\202\052\172\172\202\052\131\051\136\224\165\050\123\312\121\166\116\326\230\206\127\337\166\204\116\015\123\357\123\213\177\051\166\204\000N\000a\000v\000i\000e\000r\000-\000S\000t\000o\000k\000e\000s\213\241\173\227}{}% 18
\BOOKMARK [0][-]{chapter.22}{\376\377\177\374\127\213\117\030\123\026\166\204\122\051\137\012}{}% 19
\BOOKMARK [0][-]{chapter.23}{\376\377\217\310\124\021\135\345\116\032\133\236\122\233\166\204\000N\000a\000v\000i\000e\000r\000-\000S\000t\000o\000k\000e\000s\133\210\122\031\040\023\221\315\156\051}{}% 20
\BOOKMARK [0][-]{chapter.24}{\376\377\142\021\116\354\116\316\213\241\173\227\155\101\117\123\122\250\122\233\133\146\160\153\217\146\172\172\154\024\122\250\122\233\133\146\170\024\172\166\116\055\133\146\122\060\116\206\116\300\116\110\377\037}{}% 21
\BOOKMARK [0][-]{chapter.25}{\376\377\116\016\000C\000F\000D\116\000\215\167\217\375\154\102\116\367\120\074}{}% 22
\BOOKMARK [0][-]{chapter.26}{\376\377\123\101\133\127\215\357\123\343\166\204\000C\000F\000D\377\032\210\114\116\032\211\306\211\322}{}% 23
\BOOKMARK [0][-]{chapter.27}{\376\377\202\052\172\172\202\052\131\051\135\345\172\013\0002\0000\0000\0000\377\032\176\374\124\010\133\236\215\365\213\376\172\013}{}% 24
\BOOKMARK [0][-]{chapter.28}{\376\377\155\101\117\123\122\233\133\146\121\145\225\350\127\213\213\241\173\227\147\072\145\131\171\321\116\146}{}% 25
