\BOOKMARK [0][-]{chapter.5}{\376\377\173\054\0001\172\340\000\040\000D\000a\000v\000i\000d\000\040\000C\000a\000u\000g\000h\000e\000y\133\371\213\241\173\227\155\101\117\123\122\250\122\233\133\146\000\040\000M\000o\000h\000a\000m\000e\000d\000\040\000M\166\204\215\041\163\056\060\002\000\040\124\310\203\362\121\171}{}% 1
\BOOKMARK [1][-]{section.6}{\376\377\0001\000.\0001\000\040\116\313\176\315}{chapter.5}% 2
\BOOKMARK [1][-]{section.7}{\376\377\0001\000.\0002\000\040\157\300\154\342\000\040\176\323\147\204\124\214\000\040\130\360\162\006}{chapter.5}% 3
\BOOKMARK [1][-]{section.8}{\376\377\0001\000.\0003\000\040\122\277\155\101\152\041\142\337}{chapter.5}% 4
\BOOKMARK [1][-]{section.9}{\376\377\0001\000.\0004\000\040\000E\000u\000l\000e\000r\000\040\145\271\172\013\166\204\211\343\121\263\145\271\150\110}{chapter.5}% 5
\BOOKMARK [1][-]{section.10}{\376\377\0001\000.\0005\000\040\000N\000a\000v\000i\000e\000r\000-\000S\000t\000o\000k\000e\000s\000\040\145\271\172\013\166\204\211\343\121\263\145\271\150\110}{chapter.5}% 6
\BOOKMARK [1][-]{section.11}{\376\377\0001\000.\0006\000\040\156\115\155\101\123\315\136\224\155\101\166\204\152\041\142\337}{chapter.5}% 7
\BOOKMARK [1][-]{section.12}{\376\377\0001\000.\0007\000\040\162\171\122\053\116\073\230\230}{chapter.5}% 8
\BOOKMARK [1][-]{section.13}{\376\377\0001\000.\0008\000\040\213\304\213\272\145\207\172\340}{chapter.5}% 9
\BOOKMARK [1][-]{section.14}{\376\377\0001\000.\0009\000\040\155\101\117\123\122\233\133\146\377\032\116\244\116\222\137\017\145\207\147\054}{chapter.5}% 10
\BOOKMARK [1][-]{section.15}{\376\377\0001\000.\0001\0000\000\040\176\323\147\137\213\364}{chapter.5}% 11
\BOOKMARK [1][-]{section.16}{\376\377\0001\000-\000A\123\132\130\353\000\040\165\061\000D\000a\000v\000i\000d\000\040\000A\166\321\167\143\166\204\133\146\165\037\060\002\000\040\200\003\117\012}{chapter.5}% 12
\BOOKMARK [1][-]{section.17}{\376\377\0001\000-\000B\000\040\000D\000a\000v\000i\000d\000\040\000A\000.\166\204\121\372\162\110\162\151\060\002\000\040\200\003\117\012}{chapter.5}% 13
\BOOKMARK [-1][-]{part.18}{\376\377\173\054\116\000\220\350\122\006\000\040\142\021\060\002\000\040\213\276\213\241\124\214\117\030\123\026}{}% 14
\BOOKMARK [0][-]{chapter.19}{\376\377\173\054\0002\172\340\213\241\173\227\155\101\117\123\122\250\122\233\133\146\135\345\172\013\174\373\176\337\122\006\147\220\124\214\213\276\213\241\000M\060\002\000\040\217\276\203\253\217\276\121\160\377\014\000S\060\002\000\040\000A\000l\000i\000l\124\214\000S\060\002\000\040\217\276\116\232\123\127\116\071}{part.18}% 15
\BOOKMARK [1][-]{section.20}{\376\377\0002\000.\0001\000\040\116\313\176\315}{chapter.19}% 16
\BOOKMARK [1][-]{section.21}{\376\377\0002\000.\0002\000\040\127\060\116\013\220\123\215\357\226\247\220\123\160\153\160\176\143\247\122\066\173\126\165\145\124\214\140\305\146\157\211\304\122\022\166\204\155\101\172\013\136\372\152\041}{chapter.19}% 17
\BOOKMARK [1][-]{section.22}{\376\377\0002\000.\0003\000\040\170\154\166\330\232\161\122\250\126\150\166\330\147\334\116\055\166\204\155\101\172\013\136\372\152\041}{chapter.19}% 18
\BOOKMARK [1][-]{section.23}{\376\377\0002\000.\0004\000\040\176\323\147\137\213\262\213\335}{chapter.19}% 19
\BOOKMARK [1][-]{section.24}{\376\377\0002\000.\0005\000\040\123\302\200\003\116\146\166\356}{chapter.19}% 20
\BOOKMARK [0][-]{chapter.25}{\376\377\173\054\0003\172\340\000\040\154\024\122\250\131\026\137\142\117\030\123\026\133\211\116\034\134\074\000\267\212\171\131\306\150\356\166\204\217\333\134\125}{part.18}% 21
\BOOKMARK [1][-]{section.26}{\376\377\0003\000.\0001\000\040\116\313\176\315}{chapter.25}% 22
\BOOKMARK [1][-]{section.27}{\376\377\0003\000.\0002\000\040\117\030\123\026\172\013\136\217\166\204\122\066\133\232}{chapter.25}% 23
\BOOKMARK [2][-]{subsection.28}{\376\377\0003\000.\0002\000.\0001\000\040\150\257\136\246\213\241\173\227}{section.27}% 24
\BOOKMARK [1][-]{section.29}{\376\377\0003\000.\0003\000\040\117\177\165\050\000E\000u\000l\000e\000r\000\040\145\271\172\013\217\333\210\114\213\276\213\241}{chapter.25}% 25
\BOOKMARK [1][-]{section.30}{\376\377\0003\000.\0004\000\040\121\317\134\021\150\257\136\246\221\115\145\271}{chapter.25}% 26
\BOOKMARK [1][-]{section.31}{\376\377\0003\000.\0005\000\040\117\030\123\026\172\013\136\217}{chapter.25}% 27
\BOOKMARK [2][-]{subsection.32}{\376\377\0003\000.\0005\000.\0001\000\040\150\257\136\246\133\232\116\111\116\055\133\371\175\042\123\132\122\027\131\053\121\205\171\357\166\204\227\000\154\102}{section.31}% 28
\BOOKMARK [2][-]{subsection.33}{\376\377\0003\000.\0005\000.\0002\000\040\131\026\137\142\117\030\123\026\166\204\175\042\123\132\122\027\131\053\150\257\136\246}{section.31}% 29
\BOOKMARK [2][-]{subsection.34}{\376\377\0003\000.\0005\000.\0003\000\040\213\276\213\241\172\013\136\217\131\047\176\262}{section.31}% 30
\BOOKMARK [1][-]{section.35}{\376\377\0003\000.\0006\000\040\150\110\117\213\170\024\172\166}{chapter.25}% 31
\BOOKMARK [2][-]{subsection.36}{\376\377\0003\000.\0006\000.\0001\000\040\215\350\130\360\220\037\177\374\127\213\213\276\213\241\166\204\116\214\176\364\170\024\172\166}{section.35}% 32
\BOOKMARK [2][-]{subsection.37}{\376\377\0003\000.\0006\000.\0002\000\040\000B\0007\0004\0007\153\047\142\311\136\163\227\142\126\376\176\323\147\234}{section.35}% 33
\BOOKMARK [2][-]{subsection.38}{\376\377\0003\000.\0006\000.\0003\000\040\215\205\176\247\000B\0007\0004\0007}{section.35}% 34
\BOOKMARK [1][-]{section.39}{\376\377\0003\000.\0007\000\040\215\205\176\247\000P\0005\0001\215\133\217\146}{chapter.25}% 35
\BOOKMARK [2][-]{subsection.40}{\376\377\0003\000.\0007\000.\0001\000\040\000T\000r\000a\000n\000s\000o\000n\000i\000c\121\154\122\241\147\072\166\204\131\026\137\142\117\030\123\026}{section.39}% 36
\BOOKMARK [1][-]{section.41}{\376\377\0003\000.\0008\000\040\176\323\213\272}{chapter.25}% 37
\BOOKMARK [1][-]{section.42}{\376\377\0003\000.\0009\000\040\170\156\213\244}{chapter.25}% 38
\BOOKMARK [1][-]{section.43}{\376\377\0003\000.\0001\0000\000\040\123\302\200\003\116\146\166\356}{chapter.25}% 39
\BOOKMARK [0][-]{chapter.44}{\376\377\173\054\0004\172\340\000\040\207\272\145\313\150\150\123\366\162\107\166\204\213\276\213\241\117\030\123\026\000\040\000L\000u\000i\000g\000i\000\040\000M\000a\000r\000t\000i\000n\000e\000l\000l\000i\000l\124\214\000J\000a\000m\000e\000s\060\002\000\040\137\267\226\367\134\024}{part.18}% 40
\BOOKMARK [1][-]{section.45}{\376\377\0004\000.\0001\000\040\116\313\176\315}{chapter.44}% 41
\BOOKMARK [1][-]{section.46}{\376\377\0004\000.\0002\000\040\122\066\133\232\117\134\116\072\143\247\122\066\225\356\230\230}{chapter.44}% 42
\BOOKMARK [2][-]{subsection.47}{\376\377\0004\000.\0002\000.\0001\000\040\207\272\145\313\150\150\123\366\162\107\166\204\142\020\147\054\121\375\145\160}{section.46}% 43
\BOOKMARK [2][-]{subsection.48}{\376\377\0004\000.\0002\000.\0002\000\040\144\034\175\042\172\013\136\217}{section.46}% 44
\BOOKMARK [1][-]{section.49}{\376\377\0004\000.\0003\000\040\127\050\171\273\133\120\116\012\133\236\145\275}{chapter.44}% 45
\BOOKMARK [1][-]{section.50}{\376\377\0004\000.\0004\000\040\171\273\133\120\116\013\117\116\000C\000a\000v\000-\000i\000t\166\204\123\366\162\107\220\350\122\006\166\204\117\030\123\026}{chapter.44}% 46
\BOOKMARK [2][-]{subsection.51}{\376\377\0004\000.\0004\000.\0001\000\040\116\016\154\064\226\247\220\123\155\113\221\317\166\204\153\324\217\203}{section.50}% 47
\BOOKMARK [1][-]{section.52}{\376\377\0004\000.\0005\000\040\176\323\213\272}{chapter.44}% 48
\BOOKMARK [1][-]{section.53}{\376\377\0004\000.\0006\000\040\123\302\200\003\116\146\166\356}{chapter.44}% 49
\BOOKMARK [0][-]{chapter.54}{\376\377\173\054\0005\172\340\000\040\165\050\116\216\117\030\123\026\060\001\201\352\220\002\136\224\124\214\227\136\172\063\133\232\221\115\177\156\166\204\0004\000D\155\101\137\017\217\271\165\114\147\141\116\366\136\372\152\041\000H\000e\000l\000m\000u\000t\000\040\000S\000o\000b\000i\000e\000c\000z\000k\000y}{part.18}% 50
\BOOKMARK [1][-]{section.55}{\376\377\0005\000.\0001\000\040\116\313\176\315}{chapter.54}% 51
\BOOKMARK [1][-]{section.56}{\376\377\0005\000.\0002\000\040\126\333\176\364\225\356\230\230\166\204\121\340\117\125\151\202\137\365}{chapter.54}% 52
\BOOKMARK [1][-]{section.57}{\376\377\0005\000.\0003\000\040\117\030\123\026}{chapter.54}% 53
\BOOKMARK [1][-]{section.58}{\376\377\0005\000.\0004\000\040\201\352\220\002\136\224\221\115\177\156}{chapter.54}% 54
\BOOKMARK [1][-]{section.59}{\376\377\0005\000.\0005\000\040\116\015\172\063\133\232\000\040\217\271\165\114\147\141\116\366}{chapter.54}% 55
\BOOKMARK [1][-]{section.60}{\376\377\0005\000.\0006\000\040\165\037\162\151\155\101\117\123\147\072\150\260\136\224\165\050}{chapter.54}% 56
\BOOKMARK [1][-]{section.61}{\376\377\0005\000.\0007\000\040\176\323\213\272}{chapter.54}% 57
\BOOKMARK [1][-]{section.62}{\376\377\0005\000.\0008\000\040\123\302\200\003\116\146\166\356}{chapter.54}% 58
\BOOKMARK [-1][-]{part.63}{\376\377\173\054\116\214\220\350\122\006\000\040\116\214\060\002\000\040\173\227\154\325\124\214\121\306\170\156\140\047}{}% 59
\BOOKMARK [0][-]{chapter.64}{\376\377\173\054\0006\172\340\127\372\116\216\226\220\140\047\153\213\127\372\166\204\175\047\121\321\145\271\150\110\166\204\172\063\133\232\140\047\124\214\145\110\163\207\000C\060\002\000\040\171\321\226\367\124\214\000A\060\002\000\040\122\322\142\311\162\171}{part.63}% 60
\BOOKMARK [1][-]{section.65}{\376\377\0006\000.\0001\000\040\133\374\212\000}{chapter.64}% 61
\BOOKMARK [1][-]{section.66}{\376\377\0006\000.\0002\000\040\226\220\124\053\213\241\122\022\143\317\217\360}{chapter.64}% 62
\BOOKMARK [1][-]{section.67}{\376\377\0006\000.\0003\000\040\166\364\143\245\154\102\211\343\126\150\145\110\163\207}{chapter.64}% 63
\BOOKMARK [1][-]{section.68}{\376\377\0006\000.\0004\000\040\226\220\124\053\166\204\154\273\165\227\143\317\217\360}{chapter.64}% 64
\BOOKMARK [1][-]{section.69}{\376\377\0006\000.\0005\000\040\217\355\116\343\154\102\211\343\126\150\145\110\163\207\124\214\172\063\133\232\140\047}{chapter.64}% 65
\BOOKMARK [1][-]{section.70}{\376\377\0006\000.\0006\000\040\176\323\147\137\213\355}{chapter.64}% 66
\BOOKMARK [1][-]{section.71}{\376\377\0006\000.\0007\000\040\123\302\200\003\116\146\166\356}{chapter.64}% 67
\BOOKMARK [0][-]{chapter.72}{\376\377\173\054\0007\172\340\122\250\140\001\227\136\176\323\147\204\177\121\150\074\000\040\000C\000F\000D\152\041\142\337\166\204\232\330\226\066\145\366\225\364\171\357\122\006\145\271\150\110\000D\000i\000m\000i\000t\000r\000i\000\040\000J\000.\000\040\000M\000a\000v\000r\000i\000p\000l\000i\000s\124\214\000Z\000h\000i\000\040\000Y\000a\000n\000g}{part.63}% 68
\BOOKMARK [1][-]{section.73}{\376\377\0007\000.\0001\000\040\144\130\211\201}{chapter.72}% 69
\BOOKMARK [1][-]{section.74}{\376\377\0007\000.\0002\000\040\116\313\176\315}{chapter.72}% 70
\BOOKMARK [1][-]{section.75}{\376\377\0007\000.\0003\000\040\143\247\122\066\145\271\172\013\127\050\116\373\141\017\000-\142\311\150\074\147\027\145\345\000-\134\044\142\311\377\010\000A\000L\000E\377\011\137\142\137\017\124\214\127\372\170\100\155\101\122\250\154\102\211\343\126\150}{chapter.72}% 71
\BOOKMARK [1][-]{section.76}{\376\377\0007\000.\0004\000\040\232\330\176\247\145\366\225\364\171\357\122\006\124\214\171\273\145\143\121\340\117\125\133\210\140\122\137\213}{chapter.72}% 72
\BOOKMARK [1][-]{section.77}{\376\377\0007\000.\0005\000\040\177\121\150\074\217\320\122\250\173\126\165\145}{chapter.72}% 73
\BOOKMARK [2][-]{subsection.78}{\376\377\0007\000.\0005\000.\0001\000\040\137\040\122\233\137\071\174\047\174\173\153\324}{section.77}% 74
\BOOKMARK [2][-]{subsection.79}{\376\377\0007\000.\0005\000.\0002\000\040\176\277\140\047\137\071\140\047\174\173\153\324}{section.77}% 75
\BOOKMARK [1][-]{section.80}{\376\377\0007\000.\0006\000\040\122\240\220\037\173\126\165\145}{chapter.72}% 76
\BOOKMARK [1][-]{section.81}{\376\377\0007\000.\0007\000\040\177\121\150\074\217\320\122\250\176\323\147\234}{chapter.72}% 77
\BOOKMARK [2][-]{subsection.82}{\376\377\177\121\150\074\217\320\122\250\145\271\172\013\166\204\0007\000.\0007\000.\0001\000\040\145\066\145\133}{section.81}% 78
\BOOKMARK [1][-]{section.83}{\376\377\0007\000.\0008\000\040\117\177\165\050\123\315\124\021\135\356\122\006\145\271\150\110\166\204\227\136\133\232\136\070\155\101\122\250\152\041\142\337}{chapter.72}% 79
\BOOKMARK [2][-]{subsection.84}{\376\377\0007\000.\0008\000.\0001\000\040\131\032\221\315\177\121\150\074\145\066\145\133\145\110\163\207}{section.83}% 80
\BOOKMARK [2][-]{subsection.85}{\376\377\0007\000.\0008\000.\0002\000\040\145\366\225\364\121\306\170\156\140\047\232\214\213\301}{section.83}% 81
\BOOKMARK [1][-]{section.86}{\376\377\0007\000.\0009\000\040\122\250\140\001\177\121\150\074\225\356\230\230\166\204\226\220\137\017\000R\000u\000n\000g\000e\000-\000K\000u\000t\000t\000a\145\271\154\325}{chapter.72}% 82
\BOOKMARK [1][-]{section.87}{\376\377\0007\000.\0001\0000\000\040\176\323\213\272}{chapter.72}% 83
\BOOKMARK [1][-]{section.88}{\376\377\0007\000.\0001\0001\000\040\201\364\214\042}{chapter.72}% 84
\BOOKMARK [1][-]{section.89}{\376\377\0007\000.\0001\0002\000\040\123\302\200\003\116\146\166\356}{chapter.72}% 85
\BOOKMARK [2][-]{subsection.90}{\376\377\0007\000-\000A\000\040\000B\000D\000F\0003\166\204\121\340\117\125\142\116\123\330\133\232\137\213}{section.89}% 86
\BOOKMARK [0][-]{chapter.91}{\376\377\173\054\0008\172\340\000\040\165\065\170\301\133\146\166\204\146\076\137\017\145\366\127\337\147\011\226\120\121\103\145\271\154\325\000\040\000K\000e\000n\000n\000e\000t\000h\000\040\000M\000o\000r\000g\000a\000n\060\001\000M\000o\000h\000a\000m\000e\000d\000\040\000E\000l\000\040\000h\000a\000c\000h\000e\000m\000i\060\001\000O\000u\000b\000a\000y\000\040\000H\000a\000s\000s\000a\000n\124\214\000N\000i\000g\000e\000l\000\040\000W\000e\000a\000t\000h\000e\000r\000i\000l\000l}{part.63}% 87
\BOOKMARK [1][-]{section.92}{\376\377\0008\000.\0001\000\040\116\313\176\315}{chapter.91}% 88
\BOOKMARK [1][-]{section.93}{\376\377\0008\000.\0002\000\040\165\065\170\301\145\143\134\004}{chapter.91}% 89
\BOOKMARK [2][-]{subsection.94}{\376\377\0008\000.\0002\000.\0001\000\040\143\247\122\066\145\271\172\013}{section.93}% 90
\BOOKMARK [2][-]{subsection.95}{\376\377\0008\000.\0002\000.\0002\000\040\217\271\165\114\147\141\116\366}{section.93}% 91
\BOOKMARK [2][-]{subsection.96}{\376\377\133\214\177\216\166\204\133\374\117\123\210\150\227\142}{section.93}% 92
\BOOKMARK [2][-]{subsection.97}{\376\377\217\334\127\072\217\271\165\114\124\214\133\214\177\216\123\071\221\115\166\204\134\102}{section.93}% 93
\BOOKMARK [1][-]{section.98}{\376\377\0008\000.\0003\000\040\177\121\150\074\165\037\142\020}{chapter.91}% 94
\BOOKMARK [1][-]{section.99}{\376\377\0008\000.\0004\000\040\145\160\120\074\211\343\173\227\154\325}{chapter.91}% 95
\BOOKMARK [2][-]{subsection.100}{\376\377\0008\000.\0004\000.\0001\000\040\145\366\225\364\171\273\145\143\123\026}{section.99}% 96
\BOOKMARK [2][-]{subsection.101}{\376\377\0008\000.\0004\000.\0002\000\040\172\172\225\364\116\055\166\204\171\273\145\143\123\026}{section.99}% 97
\BOOKMARK [2][-]{subsection.102}{\376\377\0008\000.\0004\000.\0003\000\040\213\241\173\227\176\306\202\202}{section.99}% 98
\BOOKMARK [1][-]{section.103}{\376\377\0008\000.\0005\000\040\145\160\133\127\171\072\117\213}{chapter.91}% 99
\BOOKMARK [2][-]{subsection.104}{\376\377\0008\000.\0005\000.\0001\000\040\000P\000E\000C\164\003\117\123}{section.103}% 100
\BOOKMARK [2][-]{subsection.105}{\376\377\0008\000.\0005\000.\0002\000\040\000P\000E\000C\147\117\116\301}{section.103}% 101
\BOOKMARK [1][-]{section.106}{\376\377\0008\000.\0006\000\040\131\004\164\006\146\364\131\047\166\204\165\065\122\250\145\143\134\004\126\150}{chapter.91}% 102
\BOOKMARK [2][-]{subsection.107}{\376\377\0008\000.\0006\000.\0001\000\040\146\364\232\330\226\066\166\204\000T\000a\000y\000l\000o\000r\000-\000G\000a\000l\000e\000r\000k\000i\000n\000\040\145\366\225\364\143\250\217\333\145\271\150\110}{section.106}% 103
\BOOKMARK [2][-]{subsection.108}{\376\377\0008\000.\0006\000.\0002\000\040\232\330\226\066\172\172\225\364\171\273\145\143\123\026}{section.106}% 104
\BOOKMARK [1][-]{section.109}{\376\377\0008\000.\0007\000\040\176\323\213\272}{chapter.91}% 105
\BOOKMARK [1][-]{section.110}{\376\377\0008\000.\0008\000\040\123\302\200\003\116\146\166\356}{chapter.91}% 106
\BOOKMARK [0][-]{chapter.111}{\376\377\173\054\0009\172\340\000\040\117\060\213\241\000C\000F\000D\211\343\121\263\145\271\150\110\000T\116\055\166\204\177\121\150\074\213\361\133\374\213\357\135\356\060\002\000\040\000I\000-\000P\060\002\000\040\116\300\123\366}{part.63}% 107
\BOOKMARK [1][-]{section.112}{\376\377\0009\000.\0001\000\040\116\313\176\315}{chapter.111}% 108
\BOOKMARK [1][-]{section.113}{\376\377\0009\000.\0002\000\040\145\271\154\325\122\006\174\173}{chapter.111}% 109
\BOOKMARK [1][-]{section.114}{\376\377\0009\000.\0003\000\040\171\273\145\143\213\357\135\356\117\040\217\223\145\271\172\013\151\202\217\360}{chapter.111}% 110
\BOOKMARK [1][-]{section.115}{\376\377\0009\000.\0004\000\040\000E\000u\000l\000e\000r\000\040\145\271\172\013\166\204\000F\000V\211\343\121\263\145\271\150\110\166\204\000D\000E\000T\000E}{chapter.111}% 111
\BOOKMARK [2][-]{subsection.116}{\376\377\0009\000.\0004\000.\0001\000\040\211\343\121\263\145\271\150\110\166\204\147\011\226\120\117\123\171\357\154\325}{section.115}% 112
\BOOKMARK [2][-]{subsection.117}{\376\377\0009\000.\0004\000.\0002\000\040\000F\000V\145\271\154\325\166\204\000D\000E\000T\000E}{section.115}% 113
\BOOKMARK [1][-]{section.118}{\376\377\0009\000.\0005\000\040\000D\000E\000T\000E\166\204\147\011\165\050\140\047}{chapter.111}% 114
\BOOKMARK [2][-]{subsection.119}{\376\377\0009\000.\0005\000.\0001\000\040\155\113\213\325\225\356\230\230\0001\377\032\145\340\236\317\155\101\122\250\133\371\177\374\127\213}{section.118}% 115
\BOOKMARK [2][-]{subsection.120}{\376\377\0009\000.\0005\000.\0002\000\040\155\113\213\325\225\356\230\230\0002\377\032\236\317\140\047\155\101\122\250\127\050\121\260\177\374\127\213\116\012}{section.118}% 116
\BOOKMARK [1][-]{section.121}{\376\377\0009\000.\0006\000\040\147\000\124\016\213\262\213\335}{chapter.111}% 117
\BOOKMARK [1][-]{section.122}{\376\377\0009\000.\0007\000\040\123\302\200\003\116\146\166\356}{chapter.111}% 118
\BOOKMARK [0][-]{chapter.123}{\376\377\173\054\0001\0000\172\340\117\177\165\050\155\241\221\317\176\246\147\137\000\040\000J\000o\000h\000n\000\040\000S\000t\000e\000i\000n\000h\000o\000f\000f\124\214\000N\000i\000c\000h\000o\000l\000a\000s\000\040\000L\000y\000n\000n\131\004\164\006\155\101}{part.63}% 119
\BOOKMARK [1][-]{section.124}{\376\377\0001\0000\000.\0001\000\040\144\130\211\201}{chapter.123}% 120
\BOOKMARK [1][-]{section.125}{\376\377\0001\0000\000.\0002\000\040\116\313\176\315}{chapter.123}% 121
\BOOKMARK [2][-]{subsection.126}{\376\377\0001\0000\000.\0002\000.\0001\000\040\127\372\147\054\151\202\137\365}{section.125}% 122
\BOOKMARK [1][-]{section.127}{\376\377\0001\0000\000.\0003\000\040\213\364\146\016\140\047\166\204\116\000\176\364\171\072\117\213}{chapter.123}% 123
\BOOKMARK [1][-]{section.128}{\376\377\0001\0000\000.\0004\000\040\155\241\221\317\176\246\147\137}{chapter.123}% 124
\BOOKMARK [2][-]{subsection.129}{\376\377\0001\0000\000.\0004\000.\0001\000\040\127\372\147\054\221\115\145\271}{section.128}% 125
\BOOKMARK [2][-]{subsection.130}{\376\377\0001\0000\000.\0004\000.\0001\000.\0001\000\040\000V\000C\0001\221\115\145\271}{section.128}% 126
\BOOKMARK [2][-]{subsection.131}{\376\377\0001\0000\000.\0004\000.\0001\000.\0002\000\040\000V\000C\0002\221\115\145\271}{section.128}% 127
\BOOKMARK [2][-]{subsection.132}{\376\377\0001\0000\000.\0004\000.\0001\000.\0003\000\040\217\271\165\114\147\141\116\366}{section.128}% 128
\BOOKMARK [2][-]{subsection.133}{\376\377\0001\0000\000.\0004\000.\0002\000\040\000V\000C\0002\221\115\145\271\116\016\117\040\176\337\116\015\217\336\176\355\140\047\226\141\134\355\145\271\150\110\166\204\153\324\217\203}{section.128}% 129
\BOOKMARK [2][-]{subsection.134}{\376\377\0001\0000\000.\0004\000.\0003\000\040\000V\000C\0002\221\115\145\271\166\204\213\241\173\227\176\306\202\202}{section.128}% 130
\BOOKMARK [1][-]{section.135}{\376\377\0001\0000\000.\0005\000\040\176\323\147\234}{chapter.123}% 131
\BOOKMARK [2][-]{subsection.136}{\376\377\0001\0000\000.\0005\000.\0001\000\040\177\374\134\026\166\204\000V\000o\000r\000t\000i\000c\000s}{section.135}% 132
\BOOKMARK [2][-]{subsection.137}{\376\377\0001\0000\000.\0005\000.\0002\000\040\154\024\177\070\125\044\221\222}{section.135}% 133
\BOOKMARK [2][-]{subsection.138}{\376\377\0001\0000\000.\0005\000.\0003\000\040\122\250\140\001\144\112\117\115}{section.135}% 134
\BOOKMARK [1][-]{section.139}{\376\377\0001\0000\000.\0006\000\040\121\166\116\326\170\024\172\166}{chapter.123}% 135
\BOOKMARK [2][-]{subsection.140}{\376\377\0001\0000\000.\0006\000.\0001\000\040\133\374\137\071\127\372\127\060\226\073\122\233\213\241\173\227}{section.139}% 136
\BOOKMARK [2][-]{subsection.141}{\376\377\0001\0000\000.\0006\000.\0002\000\040\122\000\162\107\155\241\145\313\166\370\116\222\117\134\165\050\377\010\000B\000V\000I\377\011}{section.139}% 137
\BOOKMARK [2][-]{subsection.142}{\376\377\0001\0000\000.\0006\000.\0003\000\040\156\115\155\101\000\040\162\171\145\110\152\041\142\337}{section.139}% 138
\BOOKMARK [1][-]{section.143}{\376\377\0001\0000\000.\0007\000\040\176\323\213\272}{chapter.123}% 139
\BOOKMARK [1][-]{section.144}{\376\377\0001\0000\000.\0008\000\040\201\364\214\042}{chapter.123}% 140
\BOOKMARK [1][-]{section.145}{\376\377\0001\0000\000.\0009\000\040\116\146\166\356}{chapter.123}% 141
\BOOKMARK [-1][-]{part.146}{\376\377\173\054\116\011\220\350\122\006\000\040\116\011\060\002\000\040\155\101\221\317\172\063\133\232\140\047\124\214\143\247\122\066}{}% 142
\BOOKMARK [0][-]{chapter.147}{\376\377\173\054\0001\0001\172\340\000\040\124\010\142\020\124\214\201\011\121\262\125\267\134\004\126\150\000R\166\204\155\101\221\317\143\247\122\066\136\224\165\050\060\002\000\040\226\077\122\240\164\346\134\024\377\014\000J\060\002\000\040\164\346\217\352\155\033\377\014\000Y\060\002\000\040\214\055\377\014\000J\060\002\000\040\135\024\377\014\000D\060\002\000\040\220\355\377\014\000H\060\002\000\040\200\006\220\243\145\131\000\040\000W\060\002\000\040\123\141\221\314\124\214\000W\060\002\000\040\000W\060\002\000\040\150\021\203\153\131\004}{part.146}% 143
\BOOKMARK [1][-]{section.148}{\376\377\0001\0001\000.\0001\000\040\144\130\211\201}{chapter.147}% 144
\BOOKMARK [1][-]{section.149}{\376\377\0001\0001\000.\0002\000\040\116\313\176\315}{chapter.147}% 145
\BOOKMARK [1][-]{section.150}{\376\377\0001\0001\000.\0003\000\040\000C\000F\000D\000\040\221\307\165\050\166\204\154\102\211\343\126\150}{chapter.147}% 146
\BOOKMARK [1][-]{section.151}{\376\377\0001\0001\000.\0004\000\040\176\323\147\234\124\214\213\250\213\272}{chapter.147}% 147
\BOOKMARK [1][-]{section.152}{\376\377\0001\0001\000.\0005\000\040\176\323\213\272}{chapter.147}% 148
\BOOKMARK [1][-]{section.153}{\376\377\0001\0001\000.\0006\000\040\201\364\214\042}{chapter.147}% 149
\BOOKMARK [1][-]{section.154}{\376\377\0001\0001\000.\0007\000\040\123\302\200\003\116\146\166\356}{chapter.147}% 150
\BOOKMARK [0][-]{chapter.155}{\376\377\173\054\0001\0002\172\340\000\040\117\177\165\050\165\065\170\301\127\072\127\050\127\006\137\142\127\006\147\361\117\123\116\012\143\247\122\066\155\101\122\250\122\006\171\273\377\032\145\160\120\074\152\041\142\337\000\040\000B\000r\000i\000a\000n\000\040\000H\000.\000\040\000D\000e\000n\000n\000i\000s\124\214\000G\000e\000o\000r\000g\000e\000\040\000S\000.\000\040\147\134\122\051\121\113\142\311\176\364\131\107}{part.146}% 151
\BOOKMARK [1][-]{section.156}{\376\377\0001\0002\000.\0001\000\040\124\175\124\015\154\325}{chapter.155}% 152
\BOOKMARK [1][-]{section.157}{\376\377\0001\0002\000.\0002\000\040\116\313\176\315}{chapter.155}% 153
\BOOKMARK [1][-]{section.158}{\376\377\0001\0002\000.\0003\000\040\000E\000M\000H\000D\166\204\116\214\226\066\122\006\147\220\152\041\127\213}{chapter.155}% 154
\BOOKMARK [1][-]{section.159}{\376\377\0001\0002\000.\0004\000\040\147\000\134\017\116\214\116\130\147\011\226\120\121\103\154\325}{chapter.155}% 155
\BOOKMARK [2][-]{subsection.160}{\376\377\0001\0002\000.\0004\000.\0001\000\040\173\200\123\026\000E\000M\000H\000D\166\204\227\136\176\364\116\000\226\066\213\242\123\125}{section.159}% 156
\BOOKMARK [2][-]{subsection.161}{\376\377\0001\0002\000.\0004\000.\0002\000\040\121\306\170\156\140\047\232\214\213\301}{section.159}% 157
\BOOKMARK [1][-]{section.162}{\376\377\0001\0002\000.\0005\000\040\145\160\120\074\176\323\147\234}{chapter.155}% 158
\BOOKMARK [1][-]{section.163}{\376\377\0001\0002\000.\0006\000\040\176\323\213\272}{chapter.155}% 159
\BOOKMARK [1][-]{section.164}{\376\377\0001\0002\000.\0007\000\040\201\364\214\042}{chapter.155}% 160
\BOOKMARK [1][-]{section.165}{\376\377\0001\0002\000.\0008\000\040\123\302\200\003\116\146\166\356}{chapter.155}% 161
\BOOKMARK [0][-]{chapter.166}{\376\377\173\054\0001\0003\172\340\000\040\215\350\130\360\220\037\155\101\122\250\127\050\142\101\136\163\177\374\127\213\000\040\000A\000l\000e\000x\000a\000n\000d\000e\000r\000\040\000G\116\012\166\204\122\006\123\311\060\002\000\040\136\223\121\171\145\117}{part.146}% 162
\BOOKMARK [1][-]{section.167}{\376\377\0001\0003\000.\0001\000\040\133\374\212\000}{chapter.166}% 163
\BOOKMARK [1][-]{section.168}{\376\377\0001\0003\000.\0002\000\040\225\356\230\230\226\110\217\360\124\214\145\160\120\074\145\271\154\325}{chapter.166}% 164
\BOOKMARK [1][-]{section.169}{\376\377\0001\0003\000.\0003\000\040\123\107\122\233\174\373\145\160\117\134\116\072\000M\121\375\145\160\166\204\122\006\147\220}{chapter.166}% 165
\BOOKMARK [1][-]{section.170}{\376\377\0001\0003\000.\0004\000\040\121\163\116\216\123\330\137\002\166\204\172\063\133\232\140\047\122\006\147\220}{chapter.166}% 166
\BOOKMARK [1][-]{section.171}{\376\377\0001\0003\000.\0005\000\040\176\323\147\234\144\130\211\201}{chapter.166}% 167
\BOOKMARK [1][-]{section.172}{\376\377\0001\0003\000.\0006\000\040\176\323\213\272}{chapter.166}% 168
\BOOKMARK [1][-]{section.173}{\376\377\0001\0003\000.\0007\000\040\123\302\200\003\116\146\166\356}{chapter.166}% 169
\BOOKMARK [0][-]{chapter.174}{\376\377\173\054\0001\0004\172\340\000\040\000E\000u\000l\000e\000r\213\241\173\227\133\371\215\205\176\306\127\006\225\045\117\123\166\204\155\241\155\101\133\371\172\063\133\232\140\047\166\204\170\024\172\166\000\040\000J\000i\000n\000s\000h\000e\000n\000g\000\040\000C\000a\000i\060\001\000H\000e\000r\000-\000M\000a\000n\000n\000\040\000T\000s\000a\000i\060\001\000S\000h\000i\000j\000u\000n\000\040\000L\000u\000o\124\214\000F\000e\000n\000g\000\040\000L\000i\000u}{part.146}% 170
\BOOKMARK [1][-]{section.175}{\376\377\0001\0004\000.\0001\000\040\144\130\211\201}{chapter.174}% 171
\BOOKMARK [1][-]{section.176}{\376\377\0001\0004\000.\0002\000\040\133\374\212\000}{chapter.174}% 172
\BOOKMARK [1][-]{section.177}{\376\377\0001\0004\000.\0003\000\040\153\047\142\311\154\102\211\343\126\150\124\214\155\101\122\250\152\041\127\213}{chapter.174}% 173
\BOOKMARK [1][-]{section.178}{\376\377\0001\0004\000.\0004\000\040\213\241\173\227\177\121\150\074\124\214\217\271\165\114\147\141\116\366}{chapter.174}% 174
\BOOKMARK [1][-]{section.179}{\376\377\0001\0004\000.\0005\000\040\227\131\153\142\133\371\171\360\124\214\116\015\133\371\171\360\211\343\121\263\145\271\150\110\123\312\121\166\172\063\133\232\140\047}{chapter.174}% 175
\BOOKMARK [2][-]{subsection.180}{\376\377\0001\0004\000.\0005\000.\0001\000\040\145\366\225\364\116\015\133\371\171\360\142\160\122\250}{section.179}% 176
\BOOKMARK [2][-]{subsection.181}{\376\377\0001\0004\000.\0005\000.\0002\000\040\227\131\153\142\133\371\171\360\155\241\155\101}{section.179}% 177
\BOOKMARK [2][-]{subsection.182}{\376\377\0001\0004\000.\0005\000.\0003\000\040\227\131\153\142\133\371\171\360\155\241\155\101\166\204\172\063\133\232\140\047}{section.179}% 178
\BOOKMARK [2][-]{subsection.183}{\376\377\0001\0004\000.\0005\000.\0004\000\040\227\131\153\142\116\015\133\371\171\360\155\241\155\101\166\204\172\063\133\232\140\047}{section.179}% 179
\BOOKMARK [2][-]{subsection.184}{\376\377\0001\0004\000.\0005\000.\0005\000\040\116\015\133\371\171\360\155\241\155\101\166\204\225\134\120\317}{section.179}% 180
\BOOKMARK [2][-]{subsection.185}{\376\377\0001\0004\000.\0005\000.\0006\000\040\137\123\122\115\153\047\142\311\154\102\211\343\126\150\166\204\133\371\171\360\140\047\215\050}{section.179}% 181
\BOOKMARK [2][-]{subsection.186}{\376\377\0001\0004\000.\0005\000.\0007\000\040\116\016\172\063\133\232\140\047\164\006\213\272\230\204\155\113\166\204\153\324\217\203}{section.179}% 182
\BOOKMARK [2][-]{subsection.187}{\376\377\0001\0004\000.\0005\000.\0008\000\040\116\016\172\063\133\232\140\047\133\236\232\214\145\160\143\156\166\204\153\324\217\203}{section.179}% 183
\BOOKMARK [1][-]{section.188}{\376\377\0001\0004\000.\0006\000\040\155\241\150\070\166\204\176\323\147\204}{chapter.174}% 184
\BOOKMARK [2][-]{subsection.189}{\376\377\0001\0004\000.\0006\000.\0001\000\040\213\241\173\227\176\323\147\234}{section.188}% 185
\BOOKMARK [2][-]{subsection.190}{\376\377\0001\0004\000.\0006\000.\0002\000\040\116\016\133\236\232\214\145\160\143\156\166\204\153\324\217\203}{section.188}% 186
\BOOKMARK [1][-]{section.191}{\376\377\0001\0004\000.\0007\000\040\140\073\176\323\124\214\176\323\213\272}{chapter.174}% 187
\BOOKMARK [1][-]{section.192}{\376\377\0001\0004\000.\0008\000\040\123\302\200\003\116\146\166\356}{chapter.174}% 188
\BOOKMARK [0][-]{chapter.193}{\376\377\173\054\0001\0005\172\340\000\040\116\012\156\070\147\141\116\366\133\371\121\150\164\003\122\006\171\273\000O\000l\000e\000g\000\040\000S\145\366\156\115\155\101\217\271\165\114\134\102\220\037\136\246\215\144\133\127\146\362\176\277\166\204\137\161\124\315\060\002\000\040\221\314\117\120\131\053}{part.146}% 189
\BOOKMARK [1][-]{section.194}{\376\377\0001\0005\000.\0001\000\040\116\313\176\315}{chapter.193}% 190
\BOOKMARK [1][-]{section.195}{\376\377\0001\0005\000.\0002\000\040\131\107\137\002\166\204\116\015\236\317\140\047\123\213\122\233\150\257\136\246}{chapter.193}% 191
\BOOKMARK [1][-]{section.196}{\376\377\0001\0005\000.\0003\000\040\143\247\122\066\145\271\172\013}{chapter.193}% 192
\BOOKMARK [1][-]{section.197}{\376\377\0001\0005\000.\0004\000\040\226\220\137\142\133\120\134\102\0001}{chapter.193}% 193
\BOOKMARK [1][-]{section.198}{\376\377\0001\0005\000.\0005\000\040\131\026\134\102\156\115\155\101\133\120\134\102\0002}{chapter.193}% 194
\BOOKMARK [1][-]{section.199}{\376\377\0001\0005\000.\0006\000\040\131\026\220\350\000\040\156\115\155\101\000\040\133\120\134\102\000\040\0003}{chapter.193}% 195
\BOOKMARK [1][-]{section.200}{\376\377\0001\0005\000.\0007\000\040\123\213\122\233\116\073\133\374\166\204\155\101\122\250\152\041\137\017}{chapter.193}% 196
\BOOKMARK [1][-]{section.201}{\376\377\0001\0005\000.\0008\000\040\116\016\133\236\232\214\166\204\153\324\217\203}{chapter.193}% 197
\BOOKMARK [1][-]{section.202}{\376\377\0001\0005\000.\0009\000\040\176\323\213\272}{chapter.193}% 198
\BOOKMARK [1][-]{section.203}{\376\377\0001\0005\000.\0001\0000\000\040\123\302\200\003\116\146\166\356}{chapter.193}% 199
\BOOKMARK [0][-]{chapter.204}{\376\377\173\054\0001\0006\172\340\000\040\232\330\215\205\227\363\220\037\170\301\224\301\000o\000-\155\101\117\123\000-\122\250\140\001\166\370\116\222\117\134\165\050\171\273\133\120\000J\060\002\000\040\000S\060\002\000\040\134\032}{part.146}% 200
\BOOKMARK [1][-]{section.205}{\376\377\0001\0006\000.\0001\000\040\144\130\211\201}{chapter.204}% 201
\BOOKMARK [1][-]{section.206}{\376\377\0001\0006\000.\0002\000\040\124\175\124\015\154\325}{chapter.204}% 202
\BOOKMARK [1][-]{section.207}{\376\377\0001\0006\000.\0003\000\040\133\374\212\000}{chapter.204}% 203
\BOOKMARK [1][-]{section.208}{\376\377\0001\0006\000.\0004\000\040\143\247\122\066\145\271\172\013}{chapter.204}% 204
\BOOKMARK [1][-]{section.209}{\376\377\0001\0006\000.\0005\000\040\173\111\171\273\133\120\152\041\127\213}{chapter.204}% 205
\BOOKMARK [1][-]{section.210}{\376\377\0001\0006\000.\0006\000\040\165\065\133\120\155\101\117\123\122\250\140\001\166\370\116\222\117\134\165\050}{chapter.204}% 206
\BOOKMARK [1][-]{section.211}{\376\377\0001\0006\000.\0007\000\040\170\301\224\301\000o\000-\155\101\117\123\000-\122\250\140\001\166\370\116\222\117\134\165\050}{chapter.204}% 207
\BOOKMARK [1][-]{section.212}{\376\377\0001\0006\000.\0008\000\040\176\323\147\137\140\047\213\262\213\335}{chapter.204}% 208
\BOOKMARK [1][-]{section.213}{\376\377\0001\0006\000.\0009\000\040\201\364\167\345}{chapter.204}% 209
\BOOKMARK [1][-]{section.214}{\376\377\0001\0006\000.\0001\0000\000\040\123\302\200\003\116\146\166\356}{chapter.204}% 210
\BOOKMARK [-1][-]{part.215}{\376\377\173\054\126\333\220\350\122\006\000\040\126\333\060\002\000\040\131\032\166\370\124\214\123\315\136\224\155\101}{}% 211
\BOOKMARK [0][-]{chapter.216}{\376\377\173\054\0001\0007\172\340\000\040\117\177\165\050\000A\000U\000S\000M\000+\000-\000u\000p\145\271\150\110\213\241\173\227\131\032\166\370\155\101\221\317\000\040\000M\000e\000n\000g\000-\000S\000i\000n\000g\000\040\000L\000i\000o\000u\124\214\000C\000h\000i\000h\000-\000H\000a\000o\000\040\000C\000h\000a\000n\000g}{part.215}% 212
\BOOKMARK [1][-]{section.217}{\376\377\0001\0007\000.\0001\000\040\144\130\211\201}{chapter.216}% 213
\BOOKMARK [1][-]{section.218}{\376\377\0001\0007\000.\0002\000\040\133\374\212\000}{chapter.216}% 214
\BOOKMARK [1][-]{section.219}{\376\377\0001\0007\000.\0003\000\040\131\032\166\370\155\101\122\250\166\204\143\247\122\066\145\271\172\013\377\010\152\041\127\213\377\011}{chapter.216}% 215
\BOOKMARK [2][-]{subsection.220}{\376\377\0001\0007\000.\0003\000.\0001\000\040\160\355\122\233\133\146\136\163\210\141\152\041\127\213\000\040\000[\0001\0004\000]}{section.219}% 216
\BOOKMARK [2][-]{subsection.221}{\376\377\0001\0007\000.\0003\000.\0002\000\040\123\314\155\101\117\123\152\041\127\213}{section.219}% 217
\BOOKMARK [2][-]{subsection.222}{\376\377\0001\0007\000.\0003\000.\0003\000\040\131\032\166\370\122\006\134\102\155\101\117\123\152\041\127\213}{section.219}% 218
\BOOKMARK [2][-]{subsection.223}{\376\377\0001\0007\000.\0003\000.\0004\000\040\133\371\155\101\220\032\221\317}{section.219}% 219
\BOOKMARK [2][-]{subsection.224}{\376\377\0001\0007\000.\0003\000.\0005\000\040\123\213\122\233\220\032\221\317\377\014}{section.219}% 220
\BOOKMARK [2][-]{subsection.225}{\376\377\0001\0007\000.\0003\000.\0006\000\040\165\114\227\142\123\213\122\233\117\356\153\143\147\037\226\120}{section.219}% 221
\BOOKMARK [1][-]{section.226}{\376\377\0001\0007\000.\0004\000\040\213\241\173\227\171\072\117\213\124\214\213\250\213\272}{chapter.216}% 222
\BOOKMARK [2][-]{subsection.227}{\376\377\0001\0007\000.\0004\000.\0001\000\040\000R\000a\000n\000s\000o\000m\166\204\154\064\237\231\131\064\225\356\230\230}{section.226}% 223
\BOOKMARK [2][-]{subsection.228}{\376\377\0001\0007\000.\0004\000.\0002\000\040\172\172\154\024\000-\154\064\157\300\154\342\173\241\225\356\230\230}{section.226}% 224
\BOOKMARK [2][-]{subsection.229}{\376\377\0001\0007\000.\0004\000.\0003\000\040\121\262\121\373\000-\154\024\154\341\166\370\116\222\117\134\165\050\225\356\230\230}{section.226}% 225
\BOOKMARK [2][-]{subsection.230}{\376\377\0001\0007\000.\0004\000.\0004\000\040\121\262\121\373\154\064\147\361\166\370\116\222\117\134\165\050\225\356\230\230}{section.226}% 226
\BOOKMARK [1][-]{section.231}{\376\377\0001\0007\000.\0005\000\040\176\323\147\137\166\204\213\262\213\335}{chapter.216}% 227
\BOOKMARK [1][-]{section.232}{\376\377\0001\0007\000.\0006\000\040\201\364\214\042}{chapter.216}% 228
\BOOKMARK [1][-]{section.233}{\376\377\0001\0007\000.\0007\000\040\116\146\166\356}{chapter.216}% 229
\BOOKMARK [2][-]{subsection.234}{\376\377\0001\0007\000-\000A\145\160\120\074\220\032\221\317\121\154\137\017}{section.233}% 230
\BOOKMARK [0][-]{chapter.235}{\376\377\173\054\0001\0008\172\340\000\040\165\050\116\216\213\241\173\227\131\015\147\102\121\340\117\125\116\055\131\032\166\370\155\101\166\204\147\011\226\120\117\123\171\357\165\114\227\142\217\375\216\052\154\325\000\040\000M\000e\000t\000i\000n\000\040\000M\000u\000r\000a\000d\000o\000g\000l\000u}{part.215}% 231
\BOOKMARK [1][-]{section.236}{\376\377\0001\0008\000.\0001\000\040\133\374\212\000}{chapter.235}% 232
\BOOKMARK [1][-]{section.237}{\376\377\0001\0008\000.\0002\000\040\127\253\133\120\210\100\155\262\221\115\145\271}{chapter.235}% 233
\BOOKMARK [1][-]{section.238}{\376\377\0001\0008\000.\0003\000\040\145\160\120\074\145\271\154\325}{chapter.235}% 234
\BOOKMARK [2][-]{subsection.239}{\376\377\0001\0008\000.\0003\000.\0001\000\040\155\101\122\250\145\271\172\013\166\204\171\357\122\006}{section.238}% 235
\BOOKMARK [2][-]{subsection.240}{\376\377\0001\0008\000.\0003\000.\0002\000\040\122\115\000-\215\337\216\052\000\040\000M\000e\000t\000\040\000h\000o\000d}{section.238}% 236
\BOOKMARK [2][-]{subsection.241}{\376\377\0001\0008\000.\0003\000.\0003\000\040\145\164\117\123\211\343\121\263\145\271\150\110\172\013\136\217}{section.238}% 237
\BOOKMARK [1][-]{section.242}{\376\377\0001\0008\000.\0004\000\040\176\323\147\234\124\214\213\250\213\272}{chapter.235}% 238
\BOOKMARK [2][-]{subsection.243}{\376\377\0001\0008\000.\0004\000.\0001\000\040\143\057\203\141\215\314\204\075}{section.242}% 239
\BOOKMARK [2][-]{subsection.244}{\376\377\0001\0008\000.\0004\000.\0002\000\040\155\156\122\233\232\161\122\250\166\204\166\364\176\277\220\032\220\123\116\055\166\204\127\140\204\075}{section.242}% 240
\BOOKMARK [2][-]{subsection.245}{\376\377\0001\0008\000.\0004\000.\0003\000\040\143\001\176\355\145\066\177\051\220\032\220\123\116\055\155\156\122\233\232\161\122\250\166\204\116\012\123\107\116\013\226\115}{section.242}% 241
\BOOKMARK [2][-]{subsection.246}{\376\377\0001\0008\000.\0004\000.\0004\000\040\220\032\217\307\207\077\207\022\220\032\220\123\171\373\122\250\166\204\155\262\156\364\116\055\166\204\155\367\154\214\155\367\124\010}{section.242}% 242
\BOOKMARK [1][-]{section.247}{\376\377\0001\0008\000.\0005\000\040\176\323\213\272}{chapter.235}% 243
\BOOKMARK [1][-]{section.248}{\376\377\0001\0008\000.\0006\000\040\123\302\200\003\116\146\166\356}{chapter.235}% 244
\BOOKMARK [2][-]{subsection.249}{\376\377\145\257\142\130\121\113\145\257\147\201\226\120\166\204\0001\0008\000-\000A\147\000\117\163\116\272\135\345\123\357\123\213\177\051\140\047}{section.248}% 245
\BOOKMARK [0][-]{chapter.250}{\376\377\173\054\0001\0009\172\340\000\040\156\115\155\101\160\153\161\060\166\204\213\241\173\227\136\372\152\041\000\040\000S\000t\000e\000p\000h\000e\000n\000\040\000B\000.\000\040\145\131\166\207}{part.215}% 246
\BOOKMARK [1][-]{section.251}{\376\377\0001\0009\000.\0001\000\040\137\025\212\000}{chapter.250}% 247
\BOOKMARK [1][-]{section.252}{\376\377\0001\0009\000.\0002\000\040\156\115\155\101\160\153\161\060\166\204\000P\000D\000F\213\241\173\227}{chapter.250}% 248
\BOOKMARK [2][-]{subsection.253}{\376\377\0001\0009\000.\0002\000.\0001\000\040\137\025\134\004\137\017\125\267\154\024\160\153\161\060}{section.252}% 249
\BOOKMARK [2][-]{subsection.254}{\376\377\0001\0009\000.\0002\000.\0002\000\040\127\050\000V\000i\000t\000i\000a\000t\000e\000d\000\040\000C\000o\000-\000F\000l\000o\000w\116\055\211\343\226\144\125\267\154\024\160\153\161\060}{section.252}% 250
\BOOKMARK [1][-]{section.255}{\376\377\0001\0009\000.\0003\000\040\156\115\155\101\155\367\124\010\166\204\136\372\152\041}{chapter.250}% 251
\BOOKMARK [1][-]{section.256}{\376\377\0001\0009\000.\0004\000\040\201\364\167\345}{chapter.250}% 252
\BOOKMARK [1][-]{section.257}{\376\377\0001\0009\000.\0005\000\040\123\302\200\003\116\146\166\356}{chapter.250}% 253
\BOOKMARK [-1][-]{part.258}{\376\377\173\054\116\224\220\350\122\006\000\040\000V\060\002\000\040\145\131\200\262}{}% 254
\BOOKMARK [0][-]{chapter.259}{\376\377\173\054\0002\0000\172\340\000\040\145\131\200\262\162\151\164\006\377\032\145\131\133\146\145\071\227\151\133\371\172\172\154\024\122\250\122\233\133\146\166\204\137\161\124\315\000\040\000D\000a\000v\000i\000d\000\040\000L\000.\000\040\217\276\134\024\203\253\154\325\134\024}{part.258}% 255
\BOOKMARK [1][-]{section.260}{\376\377\0002\0000\000.\0001\000\040\116\313\176\315}{chapter.259}% 256
\BOOKMARK [1][-]{section.261}{\376\377\0002\0000\000.\0002\000\040\213\376\172\013\151\202\217\360}{chapter.259}% 257
\BOOKMARK [1][-]{section.262}{\376\377\0002\0000\000.\0003\000\040\151\202\137\365\164\006\211\343\124\214\116\073\122\250\133\146\116\140}{chapter.259}% 258
\BOOKMARK [1][-]{section.263}{\376\377\0002\0000\000.\0004\000\040\164\006\213\272\060\001\213\241\173\227\124\214\133\236\232\214\166\204\145\164\124\010}{chapter.259}% 259
\BOOKMARK [1][-]{section.264}{\376\377\0002\0000\000.\0005\000\040\127\372\116\216\230\171\166\356\166\204\133\146\116\140}{chapter.259}% 260
\BOOKMARK [2][-]{subsection.265}{\376\377\0002\0000\000.\0005\000.\0001\000\040\121\233\165\050\230\336\147\072\213\276\213\241\230\171\166\356}{section.264}% 261
\BOOKMARK [2][-]{subsection.266}{\376\377\0002\0000\000.\0005\000.\0002\000\040\155\367\124\010\177\374\217\146\216\253\213\276\213\241\230\171\166\356}{section.264}% 262
\BOOKMARK [1][-]{section.267}{\376\377\0002\0000\000.\0006\000\040\176\323\147\234}{chapter.259}% 263
\BOOKMARK [2][-]{subsection.268}{\376\377\0002\0000\000.\0006\000.\0001\000\040\145\131\200\262\133\146\166\204\147\011\145\110\140\047}{section.267}% 264
\BOOKMARK [2][-]{subsection.269}{\376\377\0002\0000\000.\0006\000.\0002\000\040\213\376\122\115\117\134\116\032\166\204\137\161\124\315}{section.267}% 265
\BOOKMARK [2][-]{subsection.270}{\376\377\0002\0000\000.\0006\000.\0003\000\040\133\146\165\037\213\304\213\272}{section.267}% 266
\BOOKMARK [1][-]{section.271}{\376\377\0002\0000\000.\0007\000\040\134\125\147\033}{chapter.259}% 267
\BOOKMARK [1][-]{section.272}{\376\377\0002\0000\000.\0008\000\040\201\364\214\042}{chapter.259}% 268
\BOOKMARK [1][-]{section.273}{\376\377\0002\0000\000.\0009\000\040\123\302\200\003\116\146\166\356}{chapter.259}% 269
